main.c:165:5:main	8	static
main.c:256:6:SystemClock_Config	136	static
main.c:308:13:MX_ADC1_Init	24	static
main.c:358:13:MX_CRC_Init	8	static
main.c:384:13:MX_DMA2D_Init	8	static
main.c:421:13:MX_I2C3_Init	8	static
main.c:467:13:MX_LTDC_Init	64	static
main.c:534:13:MX_SPI5_Init	8	static
main.c:574:13:MX_TIM2_Init	48	static
main.c:620:13:MX_DMA_Init	16	static
main.c:634:13:MX_FMC_Init	56	static
main.c:689:13:MX_GPIO_Init	64	static
main.c:732:13:BSP_SDRAM_Initialization_Sequence	24	static
main.c:790:6:IOE_Init	4	static
main.c:799:6:IOE_ITConfig	4	static
main.c:811:6:IOE_Write	16	static
main.c:822:9:IOE_Read	16	static
main.c:835:10:IOE_ReadMultiple	16	static
main.c:844:6:IOE_Delay	16	static
main.c:855:13:I2C3_WriteData	40	static
main.c:875:16:I2C3_ReadData	40	static
main.c:900:16:I2C3_ReadBuffer	40	static
main.c:925:17:SPI5_Read	24	static
main.c:946:13:SPI5_Write	24	static
main.c:963:13:SPI5_Error	4	static
main.c:972:6:LCD_IO_Init	8	static
main.c:982:6:LCD_IO_WriteData	16	static
main.c:998:6:LCD_IO_WriteReg	16	static
main.c:1017:10:LCD_IO_ReadData	24	static
main.c:1044:6:LCD_Delay	16	static
main.c:1058:13:TouchGFX_Task	16	static
main.c:1076:6:StartTaskAnalogInput	16	static
main.c:1096:6:HAL_TIM_PeriodElapsedCallback	16	static
main.c:1113:6:Error_Handler	4	static
