main.c:143:5:main	8	static
main.c:224:6:SystemClock_Config	136	static
main.c:276:13:MX_CRC_Init	8	static
main.c:302:13:MX_DMA2D_Init	8	static
main.c:339:13:MX_I2C3_Init	8	static
main.c:385:13:MX_LTDC_Init	64	static
main.c:452:13:MX_SPI5_Init	8	static
main.c:488:13:MX_FMC_Init	56	static
main.c:543:13:MX_GPIO_Init	64	static
main.c:586:13:BSP_SDRAM_Initialization_Sequence	24	static
main.c:644:6:IOE_Init	4	static
main.c:653:6:IOE_ITConfig	4	static
main.c:665:6:IOE_Write	16	static
main.c:676:9:IOE_Read	16	static
main.c:689:10:IOE_ReadMultiple	16	static
main.c:698:6:IOE_Delay	16	static
main.c:709:13:I2C3_WriteData	40	static
main.c:729:16:I2C3_ReadData	40	static
main.c:754:16:I2C3_ReadBuffer	40	static
main.c:779:17:SPI5_Read	24	static
main.c:800:13:SPI5_Write	24	static
main.c:817:13:SPI5_Error	4	static
main.c:826:6:LCD_IO_Init	8	static
main.c:836:6:LCD_IO_WriteData	16	static
main.c:852:6:LCD_IO_WriteReg	16	static
main.c:871:10:LCD_IO_ReadData	24	static
main.c:898:6:LCD_Delay	16	static
main.c:912:13:TouchGFX_Task	16	static
main.c:931:6:HAL_TIM_PeriodElapsedCallback	16	static
main.c:948:6:Error_Handler	4	static
