stm32f4xx_hal_msp.c:65:6:HAL_MspInit	16	static
stm32f4xx_hal_msp.c:89:6:HAL_ADC_MspInit	48	static
stm32f4xx_hal_msp.c:141:6:HAL_ADC_MspDeInit	16	static
stm32f4xx_hal_msp.c:171:6:HAL_CRC_MspInit	24	static
stm32f4xx_hal_msp.c:193:6:HAL_CRC_MspDeInit	16	static
stm32f4xx_hal_msp.c:215:6:HAL_DMA2D_MspInit	24	static
stm32f4xx_hal_msp.c:240:6:HAL_DMA2D_MspDeInit	16	static
stm32f4xx_hal_msp.c:265:6:HAL_I2C_MspInit	48	static
stm32f4xx_hal_msp.c:309:6:HAL_I2C_MspDeInit	16	static
stm32f4xx_hal_msp.c:340:6:HAL_LTDC_MspInit	64	static
stm32f4xx_hal_msp.c:452:6:HAL_LTDC_MspDeInit	16	static
stm32f4xx_hal_msp.c:514:6:HAL_SPI_MspInit	48	static
stm32f4xx_hal_msp.c:551:6:HAL_SPI_MspDeInit	16	static
stm32f4xx_hal_msp.c:581:6:HAL_TIM_OC_MspInit	24	static
stm32f4xx_hal_msp.c:603:6:HAL_TIM_OC_MspDeInit	16	static
stm32f4xx_hal_msp.c:621:13:HAL_FMC_MspInit	32	static
stm32f4xx_hal_msp.c:727:6:HAL_SDRAM_MspInit	16	static
stm32f4xx_hal_msp.c:739:13:HAL_FMC_MspDeInit	8	static
stm32f4xx_hal_msp.c:813:6:HAL_SDRAM_MspDeInit	16	static
